Analysis & Synthesis report for COR_ASP_TopLevel
Thu May 30 23:08:54 2024
Quartus Prime Version 18.1.0 Build 625 09/12/2018 SJ Lite Edition


---------------------
; Table of Contents ;
---------------------
  1. Legal Notice
  2. Analysis & Synthesis Summary
  3. Analysis & Synthesis Settings
  4. Parallel Compilation
  5. Analysis & Synthesis Source Files Read
  6. Analysis & Synthesis Resource Usage Summary
  7. Analysis & Synthesis Resource Utilization by Entity
  8. Analysis & Synthesis DSP Block Usage Summary
  9. Registers Removed During Synthesis
 10. General Register Statistics
 11. Inverted Register Statistics
 12. Multiplexer Restructuring Statistics (Restructuring Performed)
 13. Post-Synthesis Netlist Statistics for Top Partition
 14. Elapsed Time Per Partition
 15. Analysis & Synthesis Messages



----------------
; Legal Notice ;
----------------
Copyright (C) 2018  Intel Corporation. All rights reserved.
Your use of Intel Corporation's design tools, logic functions 
and other software and tools, and its AMPP partner logic 
functions, and any output files from any of the foregoing 
(including device programming or simulation files), and any 
associated documentation or information are expressly subject 
to the terms and conditions of the Intel Program License 
Subscription Agreement, the Intel Quartus Prime License Agreement,
the Intel FPGA IP License Agreement, or other applicable license
agreement, including, without limitation, that your use is for
the sole purpose of programming logic devices manufactured by
Intel and sold by Intel or its authorized distributors.  Please
refer to the applicable agreement for further details.



+-------------------------------------------------------------------------------+
; Analysis & Synthesis Summary                                                  ;
+---------------------------------+---------------------------------------------+
; Analysis & Synthesis Status     ; Successful - Thu May 30 23:08:54 2024       ;
; Quartus Prime Version           ; 18.1.0 Build 625 09/12/2018 SJ Lite Edition ;
; Revision Name                   ; COR_ASP_TopLevel                            ;
; Top-level Entity Name           ; CORASP                                      ;
; Family                          ; Cyclone V                                   ;
; Logic utilization (in ALMs)     ; N/A                                         ;
; Total registers                 ; 451                                         ;
; Total pins                      ; 130                                         ;
; Total virtual pins              ; 0                                           ;
; Total block memory bits         ; 0                                           ;
; Total DSP Blocks                ; 9                                           ;
; Total HSSI RX PCSs              ; 0                                           ;
; Total HSSI PMA RX Deserializers ; 0                                           ;
; Total HSSI TX PCSs              ; 0                                           ;
; Total HSSI PMA TX Serializers   ; 0                                           ;
; Total PLLs                      ; 0                                           ;
; Total DLLs                      ; 0                                           ;
+---------------------------------+---------------------------------------------+


+---------------------------------------------------------------------------------------------------------------------------+
; Analysis & Synthesis Settings                                                                                             ;
+---------------------------------------------------------------------------------+--------------------+--------------------+
; Option                                                                          ; Setting            ; Default Value      ;
+---------------------------------------------------------------------------------+--------------------+--------------------+
; Device                                                                          ; 5CSEMA5F31C6       ;                    ;
; Top-level entity name                                                           ; CORASP             ; COR_ASP_TopLevel   ;
; Family name                                                                     ; Cyclone V          ; Cyclone V          ;
; Use smart compilation                                                           ; Off                ; Off                ;
; Enable parallel Assembler and Timing Analyzer during compilation                ; On                 ; On                 ;
; Enable compact report table                                                     ; Off                ; Off                ;
; Restructure Multiplexers                                                        ; Auto               ; Auto               ;
; MLAB Add Timing Constraints For Mixed-Port Feed-Through Mode Setting Don't Care ; Off                ; Off                ;
; Create Debugging Nodes for IP Cores                                             ; Off                ; Off                ;
; Preserve fewer node names                                                       ; On                 ; On                 ;
; Intel FPGA IP Evaluation Mode                                                   ; Enable             ; Enable             ;
; Verilog Version                                                                 ; Verilog_2001       ; Verilog_2001       ;
; VHDL Version                                                                    ; VHDL_1993          ; VHDL_1993          ;
; State Machine Processing                                                        ; Auto               ; Auto               ;
; Safe State Machine                                                              ; Off                ; Off                ;
; Extract Verilog State Machines                                                  ; On                 ; On                 ;
; Extract VHDL State Machines                                                     ; On                 ; On                 ;
; Ignore Verilog initial constructs                                               ; Off                ; Off                ;
; Iteration limit for constant Verilog loops                                      ; 5000               ; 5000               ;
; Iteration limit for non-constant Verilog loops                                  ; 250                ; 250                ;
; Add Pass-Through Logic to Inferred RAMs                                         ; On                 ; On                 ;
; Infer RAMs from Raw Logic                                                       ; On                 ; On                 ;
; Parallel Synthesis                                                              ; On                 ; On                 ;
; DSP Block Balancing                                                             ; Auto               ; Auto               ;
; NOT Gate Push-Back                                                              ; On                 ; On                 ;
; Power-Up Don't Care                                                             ; On                 ; On                 ;
; Remove Redundant Logic Cells                                                    ; Off                ; Off                ;
; Remove Duplicate Registers                                                      ; On                 ; On                 ;
; Ignore CARRY Buffers                                                            ; Off                ; Off                ;
; Ignore CASCADE Buffers                                                          ; Off                ; Off                ;
; Ignore GLOBAL Buffers                                                           ; Off                ; Off                ;
; Ignore ROW GLOBAL Buffers                                                       ; Off                ; Off                ;
; Ignore LCELL Buffers                                                            ; Off                ; Off                ;
; Ignore SOFT Buffers                                                             ; On                 ; On                 ;
; Limit AHDL Integers to 32 Bits                                                  ; Off                ; Off                ;
; Optimization Technique                                                          ; Balanced           ; Balanced           ;
; Carry Chain Length                                                              ; 70                 ; 70                 ;
; Auto Carry Chains                                                               ; On                 ; On                 ;
; Auto Open-Drain Pins                                                            ; On                 ; On                 ;
; Perform WYSIWYG Primitive Resynthesis                                           ; Off                ; Off                ;
; Auto ROM Replacement                                                            ; On                 ; On                 ;
; Auto RAM Replacement                                                            ; On                 ; On                 ;
; Auto DSP Block Replacement                                                      ; On                 ; On                 ;
; Auto Shift Register Replacement                                                 ; Auto               ; Auto               ;
; Allow Shift Register Merging across Hierarchies                                 ; Auto               ; Auto               ;
; Auto Clock Enable Replacement                                                   ; On                 ; On                 ;
; Strict RAM Replacement                                                          ; Off                ; Off                ;
; Allow Synchronous Control Signals                                               ; On                 ; On                 ;
; Force Use of Synchronous Clear Signals                                          ; Off                ; Off                ;
; Auto Resource Sharing                                                           ; Off                ; Off                ;
; Allow Any RAM Size For Recognition                                              ; Off                ; Off                ;
; Allow Any ROM Size For Recognition                                              ; Off                ; Off                ;
; Allow Any Shift Register Size For Recognition                                   ; Off                ; Off                ;
; Use LogicLock Constraints during Resource Balancing                             ; On                 ; On                 ;
; Ignore translate_off and synthesis_off directives                               ; Off                ; Off                ;
; Timing-Driven Synthesis                                                         ; On                 ; On                 ;
; Report Parameter Settings                                                       ; On                 ; On                 ;
; Report Source Assignments                                                       ; On                 ; On                 ;
; Report Connectivity Checks                                                      ; On                 ; On                 ;
; Ignore Maximum Fan-Out Assignments                                              ; Off                ; Off                ;
; Synchronization Register Chain Length                                           ; 3                  ; 3                  ;
; Power Optimization During Synthesis                                             ; Normal compilation ; Normal compilation ;
; HDL message level                                                               ; Level2             ; Level2             ;
; Suppress Register Optimization Related Messages                                 ; Off                ; Off                ;
; Number of Removed Registers Reported in Synthesis Report                        ; 5000               ; 5000               ;
; Number of Swept Nodes Reported in Synthesis Report                              ; 5000               ; 5000               ;
; Number of Inverted Registers Reported in Synthesis Report                       ; 100                ; 100                ;
; Clock MUX Protection                                                            ; On                 ; On                 ;
; Auto Gated Clock Conversion                                                     ; Off                ; Off                ;
; Block Design Naming                                                             ; Auto               ; Auto               ;
; SDC constraint protection                                                       ; Off                ; Off                ;
; Synthesis Effort                                                                ; Auto               ; Auto               ;
; Shift Register Replacement - Allow Asynchronous Clear Signal                    ; On                 ; On                 ;
; Pre-Mapping Resynthesis Optimization                                            ; Off                ; Off                ;
; Analysis & Synthesis Message Level                                              ; Medium             ; Medium             ;
; Disable Register Merging Across Hierarchies                                     ; Auto               ; Auto               ;
; Resource Aware Inference For Block RAM                                          ; On                 ; On                 ;
; Automatic Parallel Synthesis                                                    ; On                 ; On                 ;
; Partial Reconfiguration Bitstream ID                                            ; Off                ; Off                ;
+---------------------------------------------------------------------------------+--------------------+--------------------+


+------------------------------------------+
; Parallel Compilation                     ;
+----------------------------+-------------+
; Processors                 ; Number      ;
+----------------------------+-------------+
; Number detected on machine ; 12          ;
; Maximum allowed            ; 6           ;
;                            ;             ;
; Average used               ; 1.00        ;
; Maximum used               ; 6           ;
;                            ;             ;
; Usage by Processor         ; % Time Used ;
;     Processor 1            ; 100.0%      ;
;     Processor 2            ;   0.0%      ;
;     Processor 3            ;   0.0%      ;
;     Processor 4            ;   0.0%      ;
;     Processor 5            ;   0.0%      ;
;     Processor 6            ;   0.0%      ;
+----------------------------+-------------+


+---------------------------------------------------------------------------------------------------------------------------------------------------+
; Analysis & Synthesis Source Files Read                                                                                                            ;
+----------------------------------+-----------------+-----------------+------------------------------------------------------------------+---------+
; File Name with User-Entered Path ; Used in Netlist ; File Type       ; File Name with Absolute Path                                     ; Library ;
+----------------------------------+-----------------+-----------------+------------------------------------------------------------------+---------+
; TdmaMin/TdmaMinTypes.vhd         ; yes             ; User VHDL File  ; C:/Users/shaar/Downloads/HMPSoC/COR-ASP/TdmaMin/TdmaMinTypes.vhd ;         ;
; CORASP.vhd                       ; yes             ; User VHDL File  ; C:/Users/shaar/Downloads/HMPSoC/COR-ASP/CORASP.vhd               ;         ;
+----------------------------------+-----------------+-----------------+------------------------------------------------------------------+---------+


+-----------------------------------------------------------+
; Analysis & Synthesis Resource Usage Summary               ;
+---------------------------------------------+-------------+
; Resource                                    ; Usage       ;
+---------------------------------------------+-------------+
; Estimate of Logic utilization (ALMs needed) ; 243         ;
;                                             ;             ;
; Combinational ALUT usage for logic          ; 118         ;
;     -- 7 input functions                    ; 0           ;
;     -- 6 input functions                    ; 1           ;
;     -- 5 input functions                    ; 22          ;
;     -- 4 input functions                    ; 53          ;
;     -- <=3 input functions                  ; 42          ;
;                                             ;             ;
; Dedicated logic registers                   ; 451         ;
;                                             ;             ;
; I/O pins                                    ; 130         ;
;                                             ;             ;
; Total DSP Blocks                            ; 9           ;
;                                             ;             ;
; Maximum fan-out node                        ; clock~input ;
; Maximum fan-out                             ; 451         ;
; Total fan-out                               ; 2629        ;
; Average fan-out                             ; 3.14        ;
+---------------------------------------------+-------------+


+----------------------------------------------------------------------------------------------------------------------------------------------------------------------------------------+
; Analysis & Synthesis Resource Utilization by Entity                                                                                                                                    ;
+----------------------------+---------------------+---------------------------+-------------------+------------+------+--------------+---------------------+-------------+--------------+
; Compilation Hierarchy Node ; Combinational ALUTs ; Dedicated Logic Registers ; Block Memory Bits ; DSP Blocks ; Pins ; Virtual Pins ; Full Hierarchy Name ; Entity Name ; Library Name ;
+----------------------------+---------------------+---------------------------+-------------------+------------+------+--------------+---------------------+-------------+--------------+
; |CORASP                    ; 118 (118)           ; 451 (451)                 ; 0                 ; 9          ; 130  ; 0            ; |CORASP             ; CORASP      ; work         ;
+----------------------------+---------------------+---------------------------+-------------------+------------+------+--------------+---------------------+-------------+--------------+
Note: For table entries with two numbers listed, the numbers in parentheses indicate the number of resources of the given type used by the specific entity alone. The numbers listed outside of parentheses indicate the total resources of the given type used by the specific entity and all of its sub-entities in the hierarchy.


+----------------------------------------------+
; Analysis & Synthesis DSP Block Usage Summary ;
+-------------------------------+--------------+
; Statistic                     ; Number Used  ;
+-------------------------------+--------------+
; Independent 18x18 plus 36     ; 8            ;
; Sum of two 18x18              ; 1            ;
; Total number of DSP blocks    ; 9            ;
;                               ;              ;
; Fixed Point Signed Multiplier ; 10           ;
+-------------------------------+--------------+


+--------------------------------------------------------------------------------+
; Registers Removed During Synthesis                                             ;
+---------------------------------------+----------------------------------------+
; Register name                         ; Reason for Removal                     ;
+---------------------------------------+----------------------------------------+
; send.data[31]~reg0                    ; Stuck at VCC due to stuck port data_in ;
; send.addr[4]~reg0                     ; Stuck at GND due to stuck port data_in ;
; send.addr[5]~reg0                     ; Stuck at GND due to stuck port data_in ;
; send.addr[6]~reg0                     ; Stuck at GND due to stuck port data_in ;
; send.addr[7]~reg0                     ; Stuck at GND due to stuck port data_in ;
; validCor                              ; Stuck at GND due to stuck port data_in ;
; Total Number of Removed Registers = 6 ;                                        ;
+---------------------------------------+----------------------------------------+


+------------------------------------------------------+
; General Register Statistics                          ;
+----------------------------------------------+-------+
; Statistic                                    ; Value ;
+----------------------------------------------+-------+
; Total registers                              ; 451   ;
; Number of registers using Synchronous Clear  ; 334   ;
; Number of registers using Synchronous Load   ; 1     ;
; Number of registers using Asynchronous Clear ; 0     ;
; Number of registers using Asynchronous Load  ; 0     ;
; Number of registers using Clock Enable       ; 451   ;
; Number of registers using Preset             ; 0     ;
+----------------------------------------------+-------+


+--------------------------------------------------+
; Inverted Register Statistics                     ;
+----------------------------------------+---------+
; Inverted Register                      ; Fan out ;
+----------------------------------------+---------+
; index[1]                               ; 19      ;
; index[0]                               ; 19      ;
; index[4]                               ; 8       ;
; Total number of inverted registers = 3 ;         ;
+----------------------------------------+---------+


+------------------------------------------------------------------------------------------------------------------------------------------+
; Multiplexer Restructuring Statistics (Restructuring Performed)                                                                           ;
+--------------------+-----------+---------------+----------------------+------------------------+------------+----------------------------+
; Multiplexer Inputs ; Bus Width ; Baseline Area ; Area if Restructured ; Saving if Restructured ; Registered ; Example Multiplexer Output ;
+--------------------+-----------+---------------+----------------------+------------------------+------------+----------------------------+
; 3:1                ; 29 bits   ; 58 LEs        ; 0 LEs                ; 58 LEs                 ; Yes        ; |CORASP|index[16]          ;
; 3:1                ; 16 bits   ; 32 LEs        ; 0 LEs                ; 32 LEs                 ; Yes        ; |CORASP|avgBuffer[0][0]    ;
; 3:1                ; 16 bits   ; 32 LEs        ; 0 LEs                ; 32 LEs                 ; Yes        ; |CORASP|avgBuffer[1][14]   ;
; 3:1                ; 16 bits   ; 32 LEs        ; 0 LEs                ; 32 LEs                 ; Yes        ; |CORASP|avgBuffer[2][15]   ;
; 3:1                ; 16 bits   ; 32 LEs        ; 0 LEs                ; 32 LEs                 ; Yes        ; |CORASP|avgBuffer[3][7]    ;
; 3:1                ; 16 bits   ; 32 LEs        ; 0 LEs                ; 32 LEs                 ; Yes        ; |CORASP|avgBuffer[4][2]    ;
; 3:1                ; 16 bits   ; 32 LEs        ; 0 LEs                ; 32 LEs                 ; Yes        ; |CORASP|avgBuffer[5][1]    ;
; 3:1                ; 16 bits   ; 32 LEs        ; 0 LEs                ; 32 LEs                 ; Yes        ; |CORASP|avgBuffer[6][0]    ;
; 3:1                ; 16 bits   ; 32 LEs        ; 0 LEs                ; 32 LEs                 ; Yes        ; |CORASP|avgBuffer[7][0]    ;
; 3:1                ; 16 bits   ; 32 LEs        ; 0 LEs                ; 32 LEs                 ; Yes        ; |CORASP|avgBuffer[8][14]   ;
; 3:1                ; 16 bits   ; 32 LEs        ; 0 LEs                ; 32 LEs                 ; Yes        ; |CORASP|avgBuffer[9][0]    ;
; 3:1                ; 16 bits   ; 32 LEs        ; 0 LEs                ; 32 LEs                 ; Yes        ; |CORASP|avgBuffer[10][15]  ;
; 3:1                ; 16 bits   ; 32 LEs        ; 0 LEs                ; 32 LEs                 ; Yes        ; |CORASP|avgBuffer[11][1]   ;
; 3:1                ; 16 bits   ; 32 LEs        ; 0 LEs                ; 32 LEs                 ; Yes        ; |CORASP|avgBuffer[12][8]   ;
; 3:1                ; 16 bits   ; 32 LEs        ; 0 LEs                ; 32 LEs                 ; Yes        ; |CORASP|avgBuffer[13][6]   ;
; 3:1                ; 16 bits   ; 32 LEs        ; 0 LEs                ; 32 LEs                 ; Yes        ; |CORASP|avgBuffer[14][0]   ;
; 3:1                ; 16 bits   ; 32 LEs        ; 0 LEs                ; 32 LEs                 ; Yes        ; |CORASP|avgBuffer[15][15]  ;
; 3:1                ; 16 bits   ; 32 LEs        ; 0 LEs                ; 32 LEs                 ; Yes        ; |CORASP|avgBuffer[16][0]   ;
; 3:1                ; 16 bits   ; 32 LEs        ; 0 LEs                ; 32 LEs                 ; Yes        ; |CORASP|avgBuffer[17][15]  ;
; 3:1                ; 16 bits   ; 32 LEs        ; 0 LEs                ; 32 LEs                 ; Yes        ; |CORASP|avgBuffer[18][0]   ;
; 3:1                ; 3 bits    ; 6 LEs         ; 3 LEs                ; 3 LEs                  ; Yes        ; |CORASP|index[0]           ;
+--------------------+-----------+---------------+----------------------+------------------------+------------+----------------------------+


+-----------------------------------------------------+
; Post-Synthesis Netlist Statistics for Top Partition ;
+-----------------------+-----------------------------+
; Type                  ; Count                       ;
+-----------------------+-----------------------------+
; arriav_ff             ; 451                         ;
;     ENA               ; 116                         ;
;     ENA SCLR          ; 334                         ;
;     ENA SLD           ; 1                           ;
; arriav_lcell_comb     ; 120                         ;
;     arith             ; 32                          ;
;         1 data inputs ; 32                          ;
;     normal            ; 88                          ;
;         0 data inputs ; 2                           ;
;         2 data inputs ; 5                           ;
;         3 data inputs ; 5                           ;
;         4 data inputs ; 53                          ;
;         5 data inputs ; 22                          ;
;         6 data inputs ; 1                           ;
; arriav_mac            ; 9                           ;
; boundary_port         ; 130                         ;
;                       ;                             ;
; Max LUT depth         ; 5.10                        ;
; Average LUT depth     ; 0.82                        ;
+-----------------------+-----------------------------+


+-------------------------------+
; Elapsed Time Per Partition    ;
+----------------+--------------+
; Partition Name ; Elapsed Time ;
+----------------+--------------+
; Top            ; 00:00:00     ;
+----------------+--------------+


+-------------------------------+
; Analysis & Synthesis Messages ;
+-------------------------------+
Info: *******************************************************************
Info: Running Quartus Prime Analysis & Synthesis
    Info: Version 18.1.0 Build 625 09/12/2018 SJ Lite Edition
    Info: Processing started: Thu May 30 23:08:44 2024
Info: Command: quartus_map --read_settings_files=on --write_settings_files=off COR_ASP -c COR_ASP_TopLevel
Warning (18236): Number of processors has not been specified which may cause overloading on shared machines.  Set the global assignment NUM_PARALLEL_PROCESSORS in your QSF to an appropriate value for best performance.
Info (20030): Parallel compilation is enabled and will use 6 of the 6 processors detected
Info (12021): Found 2 design units, including 1 entities, in source file averagecalculator.vhd
    Info (12022): Found design unit 1: AverageCalculator-Behavioral File: C:/Users/shaar/Downloads/HMPSoC/COR-ASP/AverageCalculator.vhd Line: 18
    Info (12023): Found entity 1: AverageCalculator File: C:/Users/shaar/Downloads/HMPSoC/COR-ASP/AverageCalculator.vhd Line: 9
Info (12021): Found 2 design units, including 1 entities, in source file ip/audiorom/audiorom.vhd
    Info (12022): Found design unit 1: audiorom-SYN File: C:/Users/shaar/Downloads/HMPSoC/COR-ASP/ip/AudioRom/AudioRom.vhd Line: 53
    Info (12023): Found entity 1: AudioRom File: C:/Users/shaar/Downloads/HMPSoC/COR-ASP/ip/AudioRom/AudioRom.vhd Line: 43
Info (12021): Found 2 design units, including 1 entities, in source file ip/audiofifo/audiofifo.vhd
    Info (12022): Found design unit 1: audiofifo-SYN File: C:/Users/shaar/Downloads/HMPSoC/COR-ASP/ip/AudioFifo/AudioFifo.vhd Line: 58
    Info (12023): Found entity 1: AudioFifo File: C:/Users/shaar/Downloads/HMPSoC/COR-ASP/ip/AudioFifo/AudioFifo.vhd Line: 43
Info (12021): Found 2 design units, including 1 entities, in source file ip/audioclock_2/audioclock.vhd
    Info (12022): Found design unit 1: AudioClock-rtl File: C:/Users/shaar/Downloads/HMPSoC/COR-ASP/ip/AudioClock_2/AudioClock.vhd Line: 18
    Info (12023): Found entity 1: AudioClock File: C:/Users/shaar/Downloads/HMPSoC/COR-ASP/ip/AudioClock_2/AudioClock.vhd Line: 9
Info (15248): File "C:/Users/shaar/Downloads/HMPSoC/COR-ASP/ip/AudioClock_1/AudioClock.vhd" is a duplicate of already analyzed file "C:/Users/shaar/Downloads/HMPSoC/COR-ASP/ip/AudioClock_2/AudioClock.vhd" (same filename, same library name and same md5 digest). Skipping analysis of this file.
Info (12021): Found 0 design units, including 0 entities, in source file ip/audioclock_1/audioclock.vhd
Info (12021): Found 2 design units, including 1 entities, in source file ip/tdmaminfifo/tdmaminfifo.vhd
    Info (12022): Found design unit 1: tdmaminfifo-SYN File: C:/Users/shaar/Downloads/HMPSoC/COR-ASP/ip/TdmaMinFifo/TdmaMinFifo.vhd Line: 57
    Info (12023): Found entity 1: TdmaMinFifo File: C:/Users/shaar/Downloads/HMPSoC/COR-ASP/ip/TdmaMinFifo/TdmaMinFifo.vhd Line: 43
Info (12021): Found 2 design units, including 0 entities, in source file tdmamin/tdmamintypes.vhd
    Info (12022): Found design unit 1: TdmaMinTypes File: C:/Users/shaar/Downloads/HMPSoC/COR-ASP/TdmaMin/TdmaMinTypes.vhd Line: 5
    Info (12022): Found design unit 2: TdmaMinTypes-body File: C:/Users/shaar/Downloads/HMPSoC/COR-ASP/TdmaMin/TdmaMinTypes.vhd Line: 23
Info (12021): Found 2 design units, including 1 entities, in source file tdmamin/tdmaminswitch.vhd
    Info (12022): Found design unit 1: TdmaMinSwitch-rtl File: C:/Users/shaar/Downloads/HMPSoC/COR-ASP/TdmaMin/TdmaMinSwitch.vhd Line: 18
    Info (12023): Found entity 1: TdmaMinSwitch File: C:/Users/shaar/Downloads/HMPSoC/COR-ASP/TdmaMin/TdmaMinSwitch.vhd Line: 8
Info (12021): Found 2 design units, including 1 entities, in source file tdmamin/tdmaminstage.vhd
    Info (12022): Found design unit 1: TdmaMinStage-rtl File: C:/Users/shaar/Downloads/HMPSoC/COR-ASP/TdmaMin/TdmaMinStage.vhd Line: 19
    Info (12023): Found entity 1: TdmaMinStage File: C:/Users/shaar/Downloads/HMPSoC/COR-ASP/TdmaMin/TdmaMinStage.vhd Line: 8
Info (12021): Found 2 design units, including 1 entities, in source file tdmamin/tdmaminslots.vhd
    Info (12022): Found design unit 1: TdmaMinSlots-rtl File: C:/Users/shaar/Downloads/HMPSoC/COR-ASP/TdmaMin/TdmaMinSlots.vhd Line: 15
    Info (12023): Found entity 1: TdmaMinSlots File: C:/Users/shaar/Downloads/HMPSoC/COR-ASP/TdmaMin/TdmaMinSlots.vhd Line: 5
Info (12021): Found 2 design units, including 1 entities, in source file tdmamin/tdmamininterface.vhd
    Info (12022): Found design unit 1: TdmaMinInterface-rtl File: C:/Users/shaar/Downloads/HMPSoC/COR-ASP/TdmaMin/TdmaMinInterface.vhd Line: 26
    Info (12023): Found entity 1: TdmaMinInterface File: C:/Users/shaar/Downloads/HMPSoC/COR-ASP/TdmaMin/TdmaMinInterface.vhd Line: 10
Info (12021): Found 2 design units, including 1 entities, in source file tdmamin/tdmaminfabric.vhd
    Info (12022): Found design unit 1: TdmaMinFabric-rtl File: C:/Users/shaar/Downloads/HMPSoC/COR-ASP/TdmaMin/TdmaMinFabric.vhd Line: 20
    Info (12023): Found entity 1: TdmaMinFabric File: C:/Users/shaar/Downloads/HMPSoC/COR-ASP/TdmaMin/TdmaMinFabric.vhd Line: 8
Info (12021): Found 2 design units, including 1 entities, in source file tdmamin/tdmamin.vhd
    Info (12022): Found design unit 1: TdmaMin-rtl File: C:/Users/shaar/Downloads/HMPSoC/COR-ASP/TdmaMin/TdmaMin.vhd Line: 19
    Info (12023): Found entity 1: TdmaMin File: C:/Users/shaar/Downloads/HMPSoC/COR-ASP/TdmaMin/TdmaMin.vhd Line: 8
Info (12021): Found 2 design units, including 1 entities, in source file corasp.vhd
    Info (12022): Found design unit 1: CORASP-rtl File: C:/Users/shaar/Downloads/HMPSoC/COR-ASP/CORASP.vhd Line: 19
    Info (12023): Found entity 1: CORASP File: C:/Users/shaar/Downloads/HMPSoC/COR-ASP/CORASP.vhd Line: 8
Info (12021): Found 2 design units, including 1 entities, in source file cor_asp_toplevel.vhd
    Info (12022): Found design unit 1: COR_ASP_TopLevel-sim File: C:/Users/shaar/Downloads/HMPSoC/COR-ASP/COR_ASP_TopLevel.vhd Line: 24
    Info (12023): Found entity 1: COR_ASP_TopLevel File: C:/Users/shaar/Downloads/HMPSoC/COR-ASP/COR_ASP_TopLevel.vhd Line: 8
Info (12021): Found 2 design units, including 1 entities, in source file cor_asp_toplevel_tb.vhd
    Info (12022): Found design unit 1: COR_ASP_TopLevel_tb-tb File: C:/Users/shaar/Downloads/HMPSoC/COR-ASP/COR_ASP_TopLevel_tb.vhd Line: 8
    Info (12023): Found entity 1: COR_ASP_TopLevel_tb File: C:/Users/shaar/Downloads/HMPSoC/COR-ASP/COR_ASP_TopLevel_tb.vhd Line: 5
Info (12021): Found 2 design units, including 1 entities, in source file corasp_wave_test.vhd
    Info (12022): Found design unit 1: CORASP_Wave_Test-sim File: C:/Users/shaar/Downloads/HMPSoC/COR-ASP/CORASP_Wave_Test.vhd Line: 24
    Info (12023): Found entity 1: CORASP_Wave_Test File: C:/Users/shaar/Downloads/HMPSoC/COR-ASP/CORASP_Wave_Test.vhd Line: 8
Info (12021): Found 2 design units, including 1 entities, in source file testcor.vhd
    Info (12022): Found design unit 1: testCor-rtl File: C:/Users/shaar/Downloads/HMPSoC/COR-ASP/testCor.vhd Line: 19
    Info (12023): Found entity 1: testCor File: C:/Users/shaar/Downloads/HMPSoC/COR-ASP/testCor.vhd Line: 8
Info (12021): Found 2 design units, including 1 entities, in source file pd_asp.vhd
    Info (12022): Found design unit 1: PD_ASP-PD_RTL File: C:/Users/shaar/Downloads/HMPSoC/COR-ASP/PD_ASP.vhd Line: 17
    Info (12023): Found entity 1: PD_ASP File: C:/Users/shaar/Downloads/HMPSoC/COR-ASP/PD_ASP.vhd Line: 8
Info (12127): Elaborating entity "CORASP" for the top level hierarchy
Warning (10036): Verilog HDL or VHDL warning at CORASP.vhd(40): object "recvdata" assigned a value but never read File: C:/Users/shaar/Downloads/HMPSoC/COR-ASP/CORASP.vhd Line: 40
Warning (13024): Output pins are stuck at VCC or GND
    Warning (13410): Pin "send.data[31]" is stuck at VCC File: C:/Users/shaar/Downloads/HMPSoC/COR-ASP/CORASP.vhd Line: 11
    Warning (13410): Pin "send.addr[4]" is stuck at GND File: C:/Users/shaar/Downloads/HMPSoC/COR-ASP/CORASP.vhd Line: 11
    Warning (13410): Pin "send.addr[5]" is stuck at GND File: C:/Users/shaar/Downloads/HMPSoC/COR-ASP/CORASP.vhd Line: 11
    Warning (13410): Pin "send.addr[6]" is stuck at GND File: C:/Users/shaar/Downloads/HMPSoC/COR-ASP/CORASP.vhd Line: 11
    Warning (13410): Pin "send.addr[7]" is stuck at GND File: C:/Users/shaar/Downloads/HMPSoC/COR-ASP/CORASP.vhd Line: 11
Info (286030): Timing-Driven Synthesis is running
Info (16010): Generating hard_block partition "hard_block:auto_generated_inst"
    Info (16011): Adding 0 node(s), including 0 DDIO, 0 PLL, 0 transceiver and 0 LCELL
Warning (21074): Design contains 32 input pin(s) that do not drive logic
    Warning (15610): No output dependent on input pin "recv.data[16]" File: C:/Users/shaar/Downloads/HMPSoC/COR-ASP/CORASP.vhd Line: 12
    Warning (15610): No output dependent on input pin "recv.data[18]" File: C:/Users/shaar/Downloads/HMPSoC/COR-ASP/CORASP.vhd Line: 12
    Warning (15610): No output dependent on input pin "recv.data[19]" File: C:/Users/shaar/Downloads/HMPSoC/COR-ASP/CORASP.vhd Line: 12
    Warning (15610): No output dependent on input pin "recv.data[24]" File: C:/Users/shaar/Downloads/HMPSoC/COR-ASP/CORASP.vhd Line: 12
    Warning (15610): No output dependent on input pin "recv.data[25]" File: C:/Users/shaar/Downloads/HMPSoC/COR-ASP/CORASP.vhd Line: 12
    Warning (15610): No output dependent on input pin "recv.data[26]" File: C:/Users/shaar/Downloads/HMPSoC/COR-ASP/CORASP.vhd Line: 12
    Warning (15610): No output dependent on input pin "recv.data[27]" File: C:/Users/shaar/Downloads/HMPSoC/COR-ASP/CORASP.vhd Line: 12
    Warning (15610): No output dependent on input pin "recv.addr[0]" File: C:/Users/shaar/Downloads/HMPSoC/COR-ASP/CORASP.vhd Line: 12
    Warning (15610): No output dependent on input pin "recv.addr[1]" File: C:/Users/shaar/Downloads/HMPSoC/COR-ASP/CORASP.vhd Line: 12
    Warning (15610): No output dependent on input pin "recv.addr[2]" File: C:/Users/shaar/Downloads/HMPSoC/COR-ASP/CORASP.vhd Line: 12
    Warning (15610): No output dependent on input pin "recv.addr[3]" File: C:/Users/shaar/Downloads/HMPSoC/COR-ASP/CORASP.vhd Line: 12
    Warning (15610): No output dependent on input pin "recv.addr[4]" File: C:/Users/shaar/Downloads/HMPSoC/COR-ASP/CORASP.vhd Line: 12
    Warning (15610): No output dependent on input pin "recv.addr[5]" File: C:/Users/shaar/Downloads/HMPSoC/COR-ASP/CORASP.vhd Line: 12
    Warning (15610): No output dependent on input pin "recv.addr[6]" File: C:/Users/shaar/Downloads/HMPSoC/COR-ASP/CORASP.vhd Line: 12
    Warning (15610): No output dependent on input pin "recv.addr[7]" File: C:/Users/shaar/Downloads/HMPSoC/COR-ASP/CORASP.vhd Line: 12
    Warning (15610): No output dependent on input pin "avgVal[0]" File: C:/Users/shaar/Downloads/HMPSoC/COR-ASP/CORASP.vhd Line: 13
    Warning (15610): No output dependent on input pin "avgVal[1]" File: C:/Users/shaar/Downloads/HMPSoC/COR-ASP/CORASP.vhd Line: 13
    Warning (15610): No output dependent on input pin "avgVal[2]" File: C:/Users/shaar/Downloads/HMPSoC/COR-ASP/CORASP.vhd Line: 13
    Warning (15610): No output dependent on input pin "avgVal[3]" File: C:/Users/shaar/Downloads/HMPSoC/COR-ASP/CORASP.vhd Line: 13
    Warning (15610): No output dependent on input pin "avgVal[4]" File: C:/Users/shaar/Downloads/HMPSoC/COR-ASP/CORASP.vhd Line: 13
    Warning (15610): No output dependent on input pin "avgVal[5]" File: C:/Users/shaar/Downloads/HMPSoC/COR-ASP/CORASP.vhd Line: 13
    Warning (15610): No output dependent on input pin "avgVal[6]" File: C:/Users/shaar/Downloads/HMPSoC/COR-ASP/CORASP.vhd Line: 13
    Warning (15610): No output dependent on input pin "avgVal[7]" File: C:/Users/shaar/Downloads/HMPSoC/COR-ASP/CORASP.vhd Line: 13
    Warning (15610): No output dependent on input pin "avgVal[8]" File: C:/Users/shaar/Downloads/HMPSoC/COR-ASP/CORASP.vhd Line: 13
    Warning (15610): No output dependent on input pin "avgVal[9]" File: C:/Users/shaar/Downloads/HMPSoC/COR-ASP/CORASP.vhd Line: 13
    Warning (15610): No output dependent on input pin "avgVal[10]" File: C:/Users/shaar/Downloads/HMPSoC/COR-ASP/CORASP.vhd Line: 13
    Warning (15610): No output dependent on input pin "avgVal[11]" File: C:/Users/shaar/Downloads/HMPSoC/COR-ASP/CORASP.vhd Line: 13
    Warning (15610): No output dependent on input pin "avgVal[12]" File: C:/Users/shaar/Downloads/HMPSoC/COR-ASP/CORASP.vhd Line: 13
    Warning (15610): No output dependent on input pin "avgVal[13]" File: C:/Users/shaar/Downloads/HMPSoC/COR-ASP/CORASP.vhd Line: 13
    Warning (15610): No output dependent on input pin "avgVal[14]" File: C:/Users/shaar/Downloads/HMPSoC/COR-ASP/CORASP.vhd Line: 13
    Warning (15610): No output dependent on input pin "avgVal[15]" File: C:/Users/shaar/Downloads/HMPSoC/COR-ASP/CORASP.vhd Line: 13
    Warning (15610): No output dependent on input pin "calc" File: C:/Users/shaar/Downloads/HMPSoC/COR-ASP/CORASP.vhd Line: 14
Info (21057): Implemented 675 device resources after synthesis - the final resource count might be different
    Info (21058): Implemented 58 input pins
    Info (21059): Implemented 72 output pins
    Info (21061): Implemented 536 logic cells
    Info (21062): Implemented 9 DSP elements
Info: Quartus Prime Analysis & Synthesis was successful. 0 errors, 41 warnings
    Info: Peak virtual memory: 4884 megabytes
    Info: Processing ended: Thu May 30 23:08:54 2024
    Info: Elapsed time: 00:00:10
    Info: Total CPU time (on all processors): 00:00:20


